// Jest Snapshot v1, https://goo.gl/fbAQLP

exports[`<App /> matches snapshot 1`] = `
<div
  className="App"
>
  <h1
    className="display"
  >
    Off
  </h1>
  <button
    className="toggle"
    onClick={[Function]}
  >
    Toggle
  </button>
</div>
`;
